README.md: OK
SKILL.md: OK
SOURCE_REVISION.json: OK
config/confirmation.example.yaml: OK
config/project.example.yaml: OK
config/survey.example.yaml: OK
examples/components-with-labels.json: OK
examples/components.json: OK
examples/demo-evidence.txt: OK
native/acadsharp-dump/ACadSharpDump.csproj: OK
native/acadsharp-dump/Program.cs: OK
native/acadsharp-dump/README.md: OK
pyproject.toml: OK
references/adapters.md: OK
references/architecture.md: OK
references/data-contract.md: OK
references/engineering.md: OK
references/operations.md: OK
references/providers.md: OK
references/sources.md: OK
schemas/component.schema.json: OK
scripts/run.py: OK
scripts/setup_linux.sh: OK
scripts/setup_windows.ps1: OK
scripts/validate_dwg_runtime.py: OK
scripts/validate_skill.py: OK
src/cladding_delivery/__init__.py: OK
src/cladding_delivery/bom.py: OK
src/cladding_delivery/cad/__init__.py: OK
src/cladding_delivery/cad/acadsharp.py: OK
src/cladding_delivery/cad/dxf.py: OK
src/cladding_delivery/cad/inspect.py: OK
src/cladding_delivery/cli.py: OK
src/cladding_delivery/gates.py: OK
src/cladding_delivery/geometry/__init__.py: OK
src/cladding_delivery/geometry/acceptance.py: OK
src/cladding_delivery/geometry/artifacts.py: OK
src/cladding_delivery/geometry/base.py: OK
src/cladding_delivery/geometry/build123d_provider.py: OK
src/cladding_delivery/geometry/contract.py: OK
src/cladding_delivery/geometry/factory.py: OK
src/cladding_delivery/geometry/occt.py: OK
src/cladding_delivery/geometry/rhino.py: OK
src/cladding_delivery/identity.py: OK
src/cladding_delivery/nesting.py: OK
src/cladding_delivery/pipeline.py: OK
src/cladding_delivery/project.py: OK
src/cladding_delivery/proposals.py: OK
src/cladding_delivery/util.py: OK
tests/test_acadsharp_command.py: OK
tests/test_gates.py: OK
tests/test_nesting.py: OK
tests/test_occt.py: OK
tests/test_pipeline_integrity.py: OK
tests/test_provider_contract.py: OK
tests/test_survey.py: OK
