README.md: OK
SKILL.md: OK
SOURCE_REVISION.json: OK
assets/golden-samples/加工图1#.dwg: OK
assets/golden-samples/加工图2#.dwg: OK
assets/golden-samples/雨棚草图.dwg: OK
assets/golden-samples/雨棚铝板加工图整体.dwg: OK
config/canopy-reference-validation.yaml: OK
references/architecture.md: OK
references/cad-quality-standard.md: OK
references/dwg-adapter-contract.md: OK
references/golden-samples.yaml: OK
references/runtime-setup.md: OK
references/text-to-cad-integration.md: OK
references/v3.1-review.md: OK
requirements.txt: OK
schemas/geometry-ir.schema.json: OK
scripts/dwg_preflight.py: OK
scripts/golden_regression.py: OK
scripts/normalize_acadsharp_dump.py: OK
scripts/run_project.py: OK
scripts/validate_skill.py: OK
src/cadfab_v3/__init__.py: OK
src/cadfab_v3/backends/_external_worker.py: OK
src/cadfab_v3/backends/cadquery_backend.py: OK
src/cadfab_v3/backends/provider.py: OK
src/cadfab_v3/drawing.py: OK
src/cadfab_v3/labels.py: OK
src/cadfab_v3/model.py: OK
src/cadfab_v3/projection.py: OK
src/cadfab_v3/qa.py: OK
tests/test_canopy.py: OK
tests/test_label_readability.py: OK
tests/test_parser_normalizer.py: OK
tests/test_runtime_backends.py: OK
